PORTFOLIO_100          fmincon-interior-point   ok     status=0 f_model=3033 c_model=3033 wall=1.299s
WELDED_BEAM            fmincon-interior-point   ok     status=1 f_model=219 c_model=219 wall=0.317s
PRESSURE_VESSEL        fmincon-interior-point   ok     status=1 f_model=62 c_model=62 wall=0.064s
HS77                   fmincon-interior-point   ok     status=1 f_model=92 c_model=92 wall=0.147s
PORTFOLIO_20           fmincon-interior-point   ok     status=1 f_model=820 c_model=820 wall=0.285s
ELLIPSOID_500          fmincon-interior-point   ok     status=0 f_model=3014 c_model=3014 wall=0.401s
HS63                   fmincon-interior-point   ok     status=1 f_model=32 c_model=32 wall=0.072s
HS80                   fmincon-interior-point   ok     status=1 f_model=55 c_model=55 wall=0.061s
SPEED_REDUCER          fmincon-interior-point   ok     status=1 f_model=72 c_model=72 wall=0.065s
HS93                   fmincon-interior-point   ok     status=1 f_model=163 c_model=163 wall=0.068s
UNITS                  fmincon-interior-point   ok     status=1 f_model=17 c_model=17 wall=0.016s
ELLIPSOID_5            fmincon-interior-point   ok     status=1 f_model=119 c_model=119 wall=0.032s
HS51                   fmincon-interior-point   ok     status=1 f_model=44 c_model=44 wall=0.036s
HS75                   fmincon-interior-point   ok     status=2 f_model=55 c_model=55 wall=0.083s
HS108                  fmincon-interior-point   ok     status=1 f_model=1803 c_model=1803 wall=0.222s
ELLIPSOID_50           fmincon-interior-point   ok     status=0 f_model=3036 c_model=3036 wall=0.140s
HS98                   fmincon-interior-point   ok     status=1 f_model=157 c_model=157 wall=0.038s
HS76                   fmincon-interior-point   ok     status=1 f_model=55 c_model=55 wall=0.013s
BIGMULT                fmincon-interior-point   ok     status=1 f_model=13 c_model=13 wall=0.006s
HS79                   fmincon-interior-point   ok     status=1 f_model=78 c_model=78 wall=0.029s
HS96                   fmincon-interior-point   ok     status=1 f_model=71 c_model=71 wall=0.015s
HS117                  fmincon-interior-point   ok     status=1 f_model=320 c_model=320 wall=0.035s
HS48                   fmincon-interior-point   ok     status=1 f_model=62 c_model=62 wall=0.011s
HS62                   fmincon-interior-point   ok     status=1 f_model=69 c_model=69 wall=0.120s
HS108                  fmincon-interior-point   ok     status=1 f_model=1803 c_model=1803 wall=0.838s
HS48                   fmincon-interior-point   ok     status=1 f_model=62 c_model=62 wall=0.196s
HS117                  fmincon-interior-point   ok     status=1 f_model=320 c_model=320 wall=0.095s
ELLIPSOID_500          fmincon-interior-point   ok     status=0 f_model=3014 c_model=3014 wall=0.444s
HS77                   fmincon-interior-point   ok     status=1 f_model=92 c_model=92 wall=0.216s
PRESSURE_VESSEL        fmincon-interior-point   ok     status=1 f_model=62 c_model=62 wall=0.155s
HS96                   fmincon-interior-point   ok     status=1 f_model=71 c_model=71 wall=0.050s
SPEED_REDUCER          fmincon-interior-point   ok     status=1 f_model=72 c_model=72 wall=0.019s
ELLIPSOID_5            fmincon-interior-point   ok     status=1 f_model=119 c_model=119 wall=0.059s
HS51                   fmincon-interior-point   ok     status=1 f_model=44 c_model=44 wall=0.018s
PORTFOLIO_100          fmincon-interior-point   ok     status=0 f_model=3033 c_model=3033 wall=1.072s
UNITS                  fmincon-interior-point   ok     status=1 f_model=17 c_model=17 wall=0.010s
HS75                   fmincon-interior-point   ok     status=2 f_model=55 c_model=55 wall=0.147s
HS80                   fmincon-interior-point   ok     status=1 f_model=55 c_model=55 wall=0.108s
ELLIPSOID_50           fmincon-interior-point   ok     status=0 f_model=3036 c_model=3036 wall=0.177s
BIGMULT                fmincon-interior-point   ok     status=1 f_model=13 c_model=13 wall=0.014s
HS93                   fmincon-interior-point   ok     status=1 f_model=163 c_model=163 wall=0.046s
HS98                   fmincon-interior-point   ok     status=1 f_model=157 c_model=157 wall=0.030s
HS76                   fmincon-interior-point   ok     status=1 f_model=55 c_model=55 wall=0.028s
PORTFOLIO_20           fmincon-interior-point   ok     status=1 f_model=820 c_model=820 wall=0.092s
WELDED_BEAM            fmincon-interior-point   ok     status=1 f_model=219 c_model=219 wall=0.149s
HS63                   fmincon-interior-point   ok     status=1 f_model=32 c_model=32 wall=0.075s
HS79                   fmincon-interior-point   ok     status=1 f_model=78 c_model=78 wall=0.030s
HS62                   fmincon-interior-point   ok     status=1 f_model=69 c_model=69 wall=0.193s
UNITS                  fmincon-interior-point   ok     status=1 f_model=17 c_model=17 wall=0.565s
SPEED_REDUCER          fmincon-interior-point   ok     status=1 f_model=72 c_model=72 wall=0.166s
BIGMULT                fmincon-interior-point   ok     status=1 f_model=13 c_model=13 wall=0.090s
HS79                   fmincon-interior-point   ok     status=1 f_model=78 c_model=78 wall=0.110s
HS62                   fmincon-interior-point   ok     status=1 f_model=69 c_model=69 wall=0.291s
HS93                   fmincon-interior-point   ok     status=1 f_model=163 c_model=163 wall=0.084s
HS117                  fmincon-interior-point   ok     status=1 f_model=320 c_model=320 wall=0.029s
WELDED_BEAM            fmincon-interior-point   ok     status=1 f_model=219 c_model=219 wall=0.109s
HS48                   fmincon-interior-point   ok     status=1 f_model=62 c_model=62 wall=0.049s
HS75                   fmincon-interior-point   ok     status=2 f_model=55 c_model=55 wall=0.098s
PRESSURE_VESSEL        fmincon-interior-point   ok     status=1 f_model=62 c_model=62 wall=0.031s
HS80                   fmincon-interior-point   ok     status=1 f_model=55 c_model=55 wall=0.057s
HS63                   fmincon-interior-point   ok     status=1 f_model=32 c_model=32 wall=0.049s
HS108                  fmincon-interior-point   ok     status=1 f_model=1803 c_model=1803 wall=0.127s
HS76                   fmincon-interior-point   ok     status=1 f_model=55 c_model=55 wall=0.011s
HS98                   fmincon-interior-point   ok     status=1 f_model=157 c_model=157 wall=0.088s
HS77                   fmincon-interior-point   ok     status=1 f_model=92 c_model=92 wall=0.013s
ELLIPSOID_5            fmincon-interior-point   ok     status=1 f_model=119 c_model=119 wall=0.061s
HS51                   fmincon-interior-point   ok     status=1 f_model=44 c_model=44 wall=0.009s
ELLIPSOID_500          fmincon-interior-point   ok     status=0 f_model=3014 c_model=3014 wall=0.363s
ELLIPSOID_50           fmincon-interior-point   ok     status=0 f_model=3036 c_model=3036 wall=0.204s
PORTFOLIO_20           fmincon-interior-point   ok     status=1 f_model=820 c_model=820 wall=0.130s
PORTFOLIO_100          fmincon-interior-point   ok     status=0 f_model=3033 c_model=3033 wall=0.752s
HS96                   fmincon-interior-point   ok     status=1 f_model=71 c_model=71 wall=0.020s
