chainrosen20           fmincon-interior-point  ok     exitflag=0 f_model=3014 wall=0.700s Solver stopped prematurely.
odefit                 fmincon-interior-point  ok     exitflag=1 f_model=160 wall=0.167s Local minimum found that satisfies the constraints.
portfolio_risk         fmincon-interior-point  ok     exitflag=1 f_model=250 wall=0.134s Local minimum found that satisfies the constraints.
pressure_vessel        fmincon-interior-point  ok     exitflag=1 f_model=63 wall=0.148s Local minimum found that satisfies the constraints.
nan_region             fmincon-interior-point  ok     exitflag=1 f_model=32 wall=0.169s Local minimum found that satisfies the constraints.
hs71                   fmincon-interior-point  ok     exitflag=1 f_model=46 wall=0.079s Local minimum found that satisfies the constraints.
linear_only            fmincon-interior-point  ok     exitflag=1 f_model=142 wall=0.065s Local minimum found that satisfies the constraints.
with_args              fmincon-interior-point  ok     exitflag=1 f_model=86 wall=0.092s Local minimum found that satisfies the constraints.
wrong_gradient         fmincon-interior-point  ok     exitflag=2 f_model=45 wall=0.031s Local minimum possible. Constraints satisfied.
infeasible_start_far   fmincon-interior-point  ok     exitflag=1 f_model=199 wall=0.057s Local minimum found that satisfies the constraints.
bad_scaling            fmincon-interior-point  ok     exitflag=1 f_model=20 wall=0.046s Local minimum found that satisfies the constraints.
noisy_simulator        fmincon-interior-point  ok     exitflag=1 f_model=183 wall=0.094s Local minimum found that satisfies the constraints.
box_lsq                fmincon-interior-point  ok     exitflag=0 f_model=3009 wall=0.107s Solver stopped prematurely.
equality_circle        fmincon-interior-point  ok     exitflag=1 f_model=44 wall=0.086s Local minimum found that satisfies the constraints.
heatflux_design        fmincon-interior-point  ok     exitflag=1 f_model=382 wall=0.214s Local minimum found that satisfies the constraints.
chainrosen20           fmincon-sqp             ok     exitflag=0 f_model=2014 wall=0.101s Solver stopped prematurely.
odefit                 fmincon-sqp             ok     exitflag=2 f_model=135 wall=0.050s Local minimum possible. Constraints satisfied.
portfolio_risk         fmincon-sqp             ok     exitflag=1 f_model=111 wall=0.028s Local minimum found that satisfies the constraints.
pressure_vessel        fmincon-sqp             ok     exitflag=1 f_model=32 wall=0.029s Local minimum found that satisfies the constraints.
nan_region             fmincon-sqp             ok     exitflag=1 f_model=18 wall=0.027s Local minimum found that satisfies the constraints.
hs71                   fmincon-sqp             ok     exitflag=1 f_model=30 wall=0.017s Local minimum found that satisfies the constraints.
linear_only            fmincon-sqp             ok     exitflag=1 f_model=92 wall=0.014s Local minimum found that satisfies the constraints.
with_args              fmincon-sqp             ok     exitflag=1 f_model=77 wall=0.012s Local minimum found that satisfies the constraints.
wrong_gradient         fmincon-sqp             ok     exitflag=2 f_model=49 wall=0.007s Local minimum possible. Constraints satisfied.
infeasible_start_far   fmincon-sqp             ok     exitflag=1 f_model=33 wall=0.009s Local minimum found that satisfies the constraints.
bad_scaling            fmincon-sqp             ok     exitflag=-2 f_model=11 wall=0.004s Converged to an infeasible point.
noisy_simulator        fmincon-sqp             ok     exitflag=2 f_model=68 wall=0.015s Local minimum possible. Constraints satisfied.
box_lsq                fmincon-sqp             ok     exitflag=0 f_model=5049 wall=0.244s Solver stopped prematurely.
equality_circle        fmincon-sqp             ok     exitflag=1 f_model=24 wall=0.017s Local minimum found that satisfies the constraints.
heatflux_design        fmincon-sqp             ok     exitflag=1 f_model=120 wall=0.041s Local minimum found that satisfies the constraints.
