BADSTART_DISC          mincon             ok     status=1 f_model=159 c_model=165 wall=0.002s
BIGMULT                mincon             ok     status=1 f_model=24 c_model=22 wall=0.001s
CANTILEVER             mincon             ok     status=1 f_model=154 c_model=166 wall=0.002s
CATENARY_10            mincon             ok     status=1 f_model=1023 c_model=333 wall=0.010s
CATENARY_40            mincon             ok     status=1 f_model=19102 c_model=1870 wall=0.296s
CHAINROSEN_BOX_10      mincon             ok     status=1 f_model=836 c_model=0 wall=0.007s
CHAINROSEN_BOX_200     mincon             ok     status=0 f_model=100158 c_model=0 wall=10.639s
CHAINROSEN_BOX_50      mincon             ok     status=2 f_model=13638 c_model=0 wall=0.363s
CHAINROSEN_EQ_10       mincon             ok     status=1 f_model=319 c_model=341 wall=0.005s
CHAINROSEN_EQ_200      mincon             ok     status=1 f_model=15280 c_model=15682 wall=1.902s
CHAINROSEN_EQ_50       mincon             ok     status=1 f_model=3472 c_model=3574 wall=0.136s
DEGEN_LICQ             mincon             ok     status=1 f_model=30 c_model=36 wall=0.001s
DISPATCH_20            mincon             ok     status=6 f_model=1059 c_model=1101 wall=0.022s
DISPATCH_5             mincon             ok     status=1 f_model=102 c_model=114 wall=0.002s
DOMAIN_LOG             mincon             ok     status=1 f_model=42 c_model=48 wall=0.001s
DOMAIN_SQRT            mincon             ok     status=1 f_model=30 c_model=0 wall=0.000s
ELLIPSOID2_20          mincon             ok     status=6 f_model=1603 c_model=1645 wall=0.027s
ELLIPSOID2_200         mincon             ok     status=6 f_model=85561 c_model=85963 wall=7.361s
ELLIPSOID_5            mincon             ok     status=1 f_model=121 c_model=133 wall=0.002s
ELLIPSOID_50           mincon             ok     status=6 f_model=6928 c_model=7030 wall=0.163s
ELLIPSOID_500          mincon             ok     status=0 f_model=100200 c_model=101202 wall=23.659s
EQQP6                  mincon             ok     status=1 f_model=21 c_model=35 wall=0.001s
EXPFIT2_CLEAN          mincon             ok     status=1 f_model=104 c_model=74 wall=0.004s
EXPFIT2_NOISY          mincon             ok     status=1 f_model=109 c_model=79 wall=0.004s
EXPFIT_CLEAN           mincon             ok     status=1 f_model=74 c_model=0 wall=0.002s
EXPFIT_CLEAN_CON       mincon             ok     status=1 f_model=79 c_model=68 wall=0.002s
EXPFIT_NOISY           mincon             ok     status=1 f_model=74 c_model=0 wall=0.002s
FIXEDVARS              mincon             ok     status=1 f_model=23 c_model=28 wall=0.001s
FLAT_BOUND             mincon             ok     status=1 f_model=13 c_model=0 wall=0.000s
HS1                    mincon             ok     status=1 f_model=111 c_model=0 wall=0.001s
HS10                   mincon             ok     status=1 f_model=39 c_model=45 wall=0.001s
HS100                  mincon             ok     status=6 f_model=333 c_model=273 wall=0.005s
HS104                  mincon             ok     status=1 f_model=194 c_model=128 wall=0.003s
HS106                  mincon             ok     status=1 f_model=414 c_model=248 wall=0.004s
HS108                  mincon             ok     status=1 f_model=250 c_model=245 wall=0.004s
HS11                   mincon             ok     status=1 f_model=30 c_model=36 wall=0.001s
HS110                  mincon             ok     status=1 f_model=151 c_model=0 wall=0.002s
HS111                  mincon             ok     status=1 f_model=598 c_model=350 wall=0.022s
HS112                  mincon             ok     status=1 f_model=410 c_model=257 wall=0.009s
HS113                  mincon             ok     status=1 f_model=199 c_model=113 wall=0.003s
HS117                  mincon             ok     status=1 f_model=352 c_model=340 wall=0.008s
HS118                  mincon             ok     status=1 f_model=677 c_model=258 wall=0.010s
HS12                   mincon             ok     status=1 f_model=36 c_model=42 wall=0.001s
HS13                   mincon             ok     status=2 f_model=248 c_model=254 wall=0.003s
HS14                   mincon             ok     status=1 f_model=24 c_model=30 wall=0.001s
HS15                   mincon             ok     status=1 f_model=34 c_model=40 wall=0.001s
HS16                   mincon             ok     status=1 f_model=51 c_model=57 wall=0.001s
HS17                   mincon             ok     status=1 f_model=105 c_model=111 wall=0.001s
HS18                   mincon             ok     status=1 f_model=56 c_model=62 wall=0.001s
HS19                   mincon             ok     status=1 f_model=45 c_model=51 wall=0.001s
HS2                    mincon             ok     status=1 f_model=71 c_model=0 wall=0.000s
HS20                   mincon             ok     status=1 f_model=30 c_model=36 wall=0.001s
HS21                   mincon             ok     status=1 f_model=30 c_model=36 wall=0.000s
HS22                   mincon             ok     status=1 f_model=27 c_model=33 wall=0.000s
HS23                   mincon             ok     status=1 f_model=37 c_model=43 wall=0.001s
HS24                   mincon             ok     status=1 f_model=37 c_model=43 wall=0.001s
HS25                   mincon             ok     status=1 f_model=20 c_model=0 wall=0.001s
HS26                   mincon             ok     status=1 f_model=107 c_model=115 wall=0.001s
HS27                   mincon             ok     status=1 f_model=136 c_model=112 wall=0.001s
HS28                   mincon             ok     status=1 f_model=46 c_model=54 wall=0.001s
HS29                   mincon             ok     status=1 f_model=48 c_model=56 wall=0.001s
HS3                    mincon             ok     status=1 f_model=36 c_model=0 wall=0.000s
HS30                   mincon             ok     status=1 f_model=36 c_model=35 wall=0.001s
HS31                   mincon             ok     status=1 f_model=62 c_model=55 wall=0.001s
HS32                   mincon             ok     status=1 f_model=80 c_model=88 wall=0.001s
HS33                   mincon             ok     status=1 f_model=64 c_model=72 wall=0.001s
HS34                   mincon             ok     status=1 f_model=52 c_model=47 wall=0.001s
HS35                   mincon             ok     status=1 f_model=44 c_model=52 wall=0.001s
HS36                   mincon             ok     status=1 f_model=36 c_model=44 wall=0.000s
HS37                   mincon             ok     status=1 f_model=54 c_model=62 wall=0.001s
HS38                   mincon             ok     status=1 f_model=243 c_model=0 wall=0.002s
HS39                   mincon             ok     status=1 f_model=70 c_model=66 wall=0.001s
HS4                    mincon             ok     status=1 f_model=24 c_model=0 wall=0.000s
HS40                   mincon             ok     status=1 f_model=40 c_model=42 wall=0.001s
HS41                   mincon             ok     status=1 f_model=75 c_model=85 wall=0.001s
HS42                   mincon             ok     status=1 f_model=62 c_model=48 wall=0.001s
HS43                   mincon             ok     status=1 f_model=86 c_model=96 wall=0.001s
HS44                   mincon             ok     status=1 f_model=115 c_model=79 wall=0.001s
HS45                   mincon             ok     status=1 f_model=110 c_model=0 wall=0.001s
HS46                   mincon             ok     status=1 f_model=197 c_model=147 wall=0.002s
HS47                   mincon             ok     status=1 f_model=196 c_model=146 wall=0.002s
HS48                   mincon             ok     status=1 f_model=73 c_model=85 wall=0.001s
HS49                   mincon             ok     status=1 f_model=156 c_model=143 wall=0.002s
HS5                    mincon             ok     status=1 f_model=30 c_model=0 wall=0.000s
HS50                   mincon             ok     status=1 f_model=89 c_model=73 wall=0.001s
HS51                   mincon             ok     status=1 f_model=52 c_model=48 wall=0.001s
HS52                   mincon             ok     status=1 f_model=48 c_model=44 wall=0.001s
HS53                   mincon             ok     status=1 f_model=60 c_model=52 wall=0.001s
HS55                   mincon             ok     status=1 f_model=77 c_model=58 wall=0.001s
HS56                   mincon             ok     status=1 f_model=197 c_model=147 wall=0.002s
HS57                   mincon             ok     status=1 f_model=83 c_model=89 wall=0.003s
HS6                    mincon             ok     status=1 f_model=40 c_model=46 wall=0.001s
HS60                   mincon             ok     status=1 f_model=50 c_model=58 wall=0.001s
HS61                   mincon             ok     status=1 f_model=52 c_model=48 wall=0.001s
HS62                   mincon             ok     status=1 f_model=63 c_model=71 wall=0.001s
HS63                   mincon             ok     status=1 f_model=303 c_model=323 wall=0.004s
HS64                   mincon             ok     status=1 f_model=129 c_model=137 wall=0.002s
HS65                   mincon             ok     status=1 f_model=57 c_model=65 wall=0.001s
HS66                   mincon             ok     status=1 f_model=44 c_model=41 wall=0.001s
HS7                    mincon             ok     status=1 f_model=39 c_model=45 wall=0.001s
HS71                   mincon             ok     status=1 f_model=60 c_model=70 wall=0.001s
HS72                   mincon             ok     status=1 f_model=85 c_model=95 wall=0.001s
HS73                   mincon             ok     status=1 f_model=55 c_model=65 wall=0.001s
HS74                   mincon             ok     status=1 f_model=138 c_model=125 wall=0.003s
HS75                   mincon             ok     status=1 f_model=162 c_model=142 wall=0.003s
HS76                   mincon             ok     status=1 f_model=55 c_model=65 wall=0.001s
HS77                   mincon             ok     status=1 f_model=200 c_model=150 wall=0.003s
HS78                   mincon             ok     status=1 f_model=60 c_model=72 wall=0.001s
HS79                   mincon             ok     status=1 f_model=84 c_model=68 wall=0.001s
HS8                    mincon             ok     status=1 f_model=24 c_model=30 wall=0.000s
HS80                   mincon             ok     status=1 f_model=60 c_model=72 wall=0.001s
HS81                   mincon             ok     status=1 f_model=66 c_model=78 wall=0.001s
HS83                   mincon             ok     status=1 f_model=142 c_model=154 wall=0.003s
HS84                   mincon             ok     status=1 f_model=106 c_model=118 wall=0.002s
HS86                   mincon             ok     status=1 f_model=90 c_model=102 wall=0.002s
HS9                    mincon             ok     status=1 f_model=24 c_model=30 wall=0.001s
HS93                   mincon             ok     status=1 f_model=268 c_model=282 wall=0.004s
HS95                   mincon             ok     status=1 f_model=98 c_model=112 wall=0.002s
HS96                   mincon             ok     status=1 f_model=98 c_model=112 wall=0.002s
HS97                   mincon             ok     status=1 f_model=203 c_model=217 wall=0.004s
HS98                   mincon             ok     status=1 f_model=210 c_model=224 wall=0.004s
INFEASIBLE_LIN         mincon             ok     status=-4 f_model=228 c_model=294 wall=0.003s
INFEASIBLE_NL          mincon             ok     status=-4 f_model=105 c_model=171 wall=0.002s
LQTRAJ_10              mincon             ok     status=1 f_model=270 c_model=111 wall=0.003s
LQTRAJ_200             mincon             ok     status=1 f_model=6598 c_model=1261 wall=2.188s
LQTRAJ_50              mincon             ok     status=1 f_model=1499 c_model=356 wall=0.058s
MANY_INEQ              mincon             ok     status=1 f_model=60 c_model=72 wall=0.003s
NARROWBOX              mincon             ok     status=1 f_model=12 c_model=0 wall=0.000s
NEARDEP                mincon             ok     status=1 f_model=30 c_model=36 wall=0.001s
POLYQP_10              mincon             ok     status=1 f_model=176 c_model=198 wall=0.010s
POLYQP_100             mincon             ok     status=1 f_model=2833 c_model=3035 wall=10.304s
PORTFOLIO_100          mincon             ok     status=1 f_model=3135 c_model=3337 wall=2.830s
PORTFOLIO_20           mincon             ok     status=1 f_model=508 c_model=550 wall=0.030s
PRESSURE_VESSEL        mincon             ok     status=1 f_model=132 c_model=90 wall=0.002s
QUADSPHERE2_30         mincon             ok     status=1 f_model=1271 c_model=1333 wall=0.024s
QUADSPHERE2_300        mincon             ok     status=1 f_model=13245 c_model=13847 wall=1.254s
QUADSPHERE_10          mincon             ok     status=1 f_model=132 c_model=154 wall=0.002s
QUADSPHERE_100         mincon             ok     status=1 f_model=1414 c_model=1616 wall=0.056s
QUADSPHERE_1000        mincon             ok     status=1 f_model=16016 c_model=18018 wall=7.519s
RANKLOSS_JAC           mincon             ok     status=6 f_model=122 c_model=91 wall=0.001s
REDUNDANT_EQ           mincon             ok     status=1 f_model=20 c_model=28 wall=0.000s
SPEED_REDUCER          mincon             ok     status=1 f_model=120 c_model=91 wall=0.002s
SPRING                 mincon             ok     status=1 f_model=116 c_model=124 wall=0.002s
START_OUTSIDE          mincon             ok     status=1 f_model=33 c_model=39 wall=0.001s
THREEBAR_TRUSS         mincon             ok     status=1 f_model=30 c_model=36 wall=0.001s
TUBULAR_COLUMN         mincon             ok     status=1 f_model=33 c_model=39 wall=0.001s
UNBOUNDED_PAR          mincon             ok     status=-3 f_model=10782 c_model=10836 wall=0.082s
UNITS                  mincon             ok     status=1 f_model=32 c_model=38 wall=0.001s
WELDED_BEAM            mincon             ok     status=1 f_model=116 c_model=126 wall=0.002s
