BIGMULT                fmincon-sqp              ok     status=1 f_model=4 c_model=4 wall=0.284s
HS63                   fmincon-sqp              ok     status=1 f_model=10 c_model=10 wall=0.042s
HS48                   fmincon-sqp              ok     status=1 f_model=14 c_model=14 wall=0.029s
HS75                   fmincon-sqp              ok     status=1 f_model=9 c_model=9 wall=0.027s
HS108                  fmincon-sqp              ok     status=1 f_model=14 c_model=14 wall=0.112s
ELLIPSOID_5            fmincon-sqp              ok     status=1 f_model=27 c_model=27 wall=0.018s
PRESSURE_VESSEL        fmincon-sqp              ok     status=1 f_model=35 c_model=35 wall=0.012s
HS79                   fmincon-sqp              ok     status=1 f_model=13 c_model=13 wall=0.016s
UNITS                  fmincon-sqp              ok     status=1 f_model=80 c_model=80 wall=0.012s
ELLIPSOID_500          fmincon-sqp              ok     status=0 f_model=3775 c_model=3775 wall=5.827s
PORTFOLIO_100          fmincon-sqp              ok     status=1 f_model=39 c_model=39 wall=0.776s
HS51                   fmincon-sqp              ok     status=1 f_model=10 c_model=10 wall=0.007s
SPEED_REDUCER          fmincon-sqp              ok     status=1 f_model=5 c_model=5 wall=0.014s
HS117                  fmincon-sqp              ok     status=1 f_model=17 c_model=17 wall=0.019s
PORTFOLIO_20           fmincon-sqp              ok     status=1 f_model=27 c_model=27 wall=0.043s
ELLIPSOID_50           fmincon-sqp              ok     status=2 f_model=419 c_model=419 wall=0.047s
HS96                   fmincon-sqp              ok     status=1 f_model=3 c_model=3 wall=0.005s
HS77                   fmincon-sqp              ok     status=2 f_model=27 c_model=27 wall=0.010s
HS98                   fmincon-sqp              ok     status=1 f_model=9 c_model=9 wall=0.011s
WELDED_BEAM            fmincon-sqp              ok     status=1 f_model=22 c_model=22 wall=0.019s
HS80                   fmincon-sqp              ok     status=1 f_model=8 c_model=8 wall=0.008s
HS76                   fmincon-sqp              ok     status=1 f_model=8 c_model=8 wall=0.008s
HS62                   fmincon-sqp              ok     status=1 f_model=25 c_model=25 wall=0.020s
HS93                   fmincon-sqp              ok     status=1 f_model=22 c_model=22 wall=0.017s
