PORTFOLIO_100          fmincon-interior-point   ok     status=0 f_model=3033 c_model=3033 wall=1.506s
WELDED_BEAM            fmincon-interior-point   ok     status=1 f_model=219 c_model=219 wall=0.343s
PRESSURE_VESSEL        fmincon-interior-point   ok     status=1 f_model=62 c_model=62 wall=0.064s
HS77                   fmincon-interior-point   ok     status=1 f_model=92 c_model=92 wall=0.109s
PORTFOLIO_20           fmincon-interior-point   ok     status=1 f_model=820 c_model=820 wall=0.291s
ELLIPSOID_500          fmincon-interior-point   ok     status=0 f_model=3014 c_model=3014 wall=0.435s
HS63                   fmincon-interior-point   ok     status=1 f_model=32 c_model=32 wall=0.089s
HS80                   fmincon-interior-point   ok     status=1 f_model=55 c_model=55 wall=0.077s
SPEED_REDUCER          fmincon-interior-point   ok     status=1 f_model=72 c_model=72 wall=0.070s
HS93                   fmincon-interior-point   ok     status=1 f_model=163 c_model=163 wall=0.042s
UNITS                  fmincon-interior-point   ok     status=1 f_model=17 c_model=17 wall=0.011s
ELLIPSOID_5            fmincon-interior-point   ok     status=1 f_model=119 c_model=119 wall=0.025s
HS51                   fmincon-interior-point   ok     status=1 f_model=44 c_model=44 wall=0.026s
HS75                   fmincon-interior-point   ok     status=2 f_model=55 c_model=55 wall=0.100s
HS108                  fmincon-interior-point   ok     status=1 f_model=1803 c_model=1803 wall=0.143s
ELLIPSOID_50           fmincon-interior-point   ok     status=0 f_model=3036 c_model=3036 wall=0.110s
HS98                   fmincon-interior-point   ok     status=1 f_model=157 c_model=157 wall=0.039s
HS76                   fmincon-interior-point   ok     status=1 f_model=55 c_model=55 wall=0.025s
BIGMULT                fmincon-interior-point   ok     status=1 f_model=13 c_model=13 wall=0.009s
HS79                   fmincon-interior-point   ok     status=1 f_model=78 c_model=78 wall=0.036s
HS96                   fmincon-interior-point   ok     status=1 f_model=71 c_model=71 wall=0.014s
HS117                  fmincon-interior-point   ok     status=1 f_model=320 c_model=320 wall=0.026s
HS48                   fmincon-interior-point   ok     status=1 f_model=62 c_model=62 wall=0.011s
HS62                   fmincon-interior-point   ok     status=1 f_model=69 c_model=69 wall=0.146s
