BIGMULT                fmincon-sqp              ok     status=1 f_model=12 c_model=12 wall=0.311s
HS63                   fmincon-sqp              ok     status=1 f_model=37 c_model=37 wall=0.072s
HS48                   fmincon-sqp              ok     status=1 f_model=64 c_model=64 wall=0.031s
HS75                   fmincon-sqp              ok     status=1 f_model=45 c_model=45 wall=0.027s
HS108                  fmincon-sqp              ok     status=1 f_model=131 c_model=131 wall=0.106s
ELLIPSOID_5            fmincon-sqp              ok     status=1 f_model=124 c_model=124 wall=0.023s
PRESSURE_VESSEL        fmincon-sqp              ok     status=1 f_model=67 c_model=67 wall=0.013s
HS79                   fmincon-sqp              ok     status=1 f_model=78 c_model=78 wall=0.024s
UNITS                  fmincon-sqp              ok     status=1 f_model=86 c_model=86 wall=0.008s
ELLIPSOID_500          fmincon-sqp              ok     status=0 f_model=50290 c_model=50290 wall=2.416s
PORTFOLIO_100          fmincon-sqp              ok     status=1 f_model=2439 c_model=2439 wall=0.629s
HS51                   fmincon-sqp              ok     status=1 f_model=55 c_model=55 wall=0.007s
SPEED_REDUCER          fmincon-sqp              ok     status=1 f_model=40 c_model=40 wall=0.008s
HS117                  fmincon-sqp              ok     status=1 f_model=272 c_model=272 wall=0.017s
PORTFOLIO_20           fmincon-sqp              ok     status=1 f_model=407 c_model=407 wall=0.027s
ELLIPSOID_50           fmincon-sqp              ok     status=0 f_model=5023 c_model=5023 wall=0.118s
HS96                   fmincon-sqp              ok     status=1 f_model=21 c_model=21 wall=0.008s
HS77                   fmincon-sqp              ok     status=2 f_model=112 c_model=112 wall=0.009s
HS98                   fmincon-sqp              ok     status=1 f_model=56 c_model=56 wall=0.008s
WELDED_BEAM            fmincon-sqp              ok     status=1 f_model=62 c_model=62 wall=0.007s
HS80                   fmincon-sqp              ok     status=1 f_model=48 c_model=48 wall=0.007s
HS76                   fmincon-sqp              ok     status=1 f_model=40 c_model=40 wall=0.005s
HS62                   fmincon-sqp              ok     status=1 f_model=64 c_model=64 wall=0.029s
HS93                   fmincon-sqp              ok     status=1 f_model=118 c_model=118 wall=0.017s
