PORTFOLIO_100          fmincon-interior-point   ok     status=1 f_model=59 c_model=59 wall=1.369s
WELDED_BEAM            fmincon-interior-point   ok     status=1 f_model=127 c_model=127 wall=0.312s
PRESSURE_VESSEL        fmincon-interior-point   ok     status=1 f_model=18 c_model=18 wall=0.073s
HS77                   fmincon-interior-point   ok     status=1 f_model=17 c_model=17 wall=0.111s
PORTFOLIO_20           fmincon-interior-point   ok     status=1 f_model=40 c_model=40 wall=0.206s
ELLIPSOID_500          fmincon-interior-point   ok     status=0 f_model=3000 c_model=3000 wall=17.627s
HS63                   fmincon-interior-point   ok     status=1 f_model=8 c_model=8 wall=0.069s
HS80                   fmincon-interior-point   ok     status=1 f_model=10 c_model=10 wall=0.068s
SPEED_REDUCER          fmincon-interior-point   ok     status=1 f_model=9 c_model=9 wall=0.063s
HS93                   fmincon-interior-point   ok     status=1 f_model=25 c_model=25 wall=0.050s
UNITS                  fmincon-interior-point   ok     status=1 f_model=7 c_model=7 wall=0.017s
ELLIPSOID_5            fmincon-interior-point   ok     status=1 f_model=24 c_model=24 wall=0.032s
HS51                   fmincon-interior-point   ok     status=1 f_model=9 c_model=9 wall=0.045s
HS75                   fmincon-interior-point   ok     status=1 f_model=10 c_model=10 wall=0.077s
HS108                  fmincon-interior-point   ok     status=2 f_model=983 c_model=983 wall=0.508s
ELLIPSOID_50           fmincon-interior-point   ok     status=1 f_model=273 c_model=273 wall=0.095s
HS98                   fmincon-interior-point   ok     status=1 f_model=25 c_model=25 wall=0.034s
HS76                   fmincon-interior-point   ok     status=1 f_model=11 c_model=11 wall=0.023s
BIGMULT                fmincon-interior-point   ok     status=1 f_model=6 c_model=6 wall=0.014s
HS79                   fmincon-interior-point   ok     status=1 f_model=13 c_model=13 wall=0.016s
HS96                   fmincon-interior-point   ok     status=1 f_model=11 c_model=11 wall=0.015s
HS117                  fmincon-interior-point   ok     status=1 f_model=20 c_model=20 wall=0.023s
HS48                   fmincon-interior-point   ok     status=1 f_model=12 c_model=12 wall=0.020s
HS62                   fmincon-interior-point   ok     status=1 f_model=33 c_model=33 wall=0.131s
