HS48                   mincon             ok     status=1 f_model=15 c_model=15 wall=0.001s
HS77                   mincon             ok     status=1 f_model=44 c_model=44 wall=0.001s
HS117                  mincon             ok     status=1 f_model=23 c_model=24 wall=0.001s
PORTFOLIO_100          mincon             ok     status=1 f_model=30 c_model=30 wall=0.084s
HS62                   mincon             ok     status=1 f_model=13 c_model=13 wall=0.001s
BIGMULT                mincon             ok     status=1 f_model=7 c_model=7 wall=0.000s
ELLIPSOID_5            mincon             ok     status=1 f_model=22 c_model=22 wall=0.001s
SPEED_REDUCER          mincon             ok     status=1 f_model=14 c_model=14 wall=0.001s
WELDED_BEAM            mincon             ok     status=1 f_model=23 c_model=23 wall=0.002s
HS96                   mincon             ok     status=1 f_model=14 c_model=15 wall=0.001s
HS98                   mincon             ok     status=1 f_model=29 c_model=30 wall=0.001s
PORTFOLIO_20           mincon             ok     status=1 f_model=23 c_model=23 wall=0.004s
HS93                   mincon             ok     status=1 f_model=14 c_model=14 wall=0.001s
HS51                   mincon             ok     status=1 f_model=9 c_model=9 wall=0.001s
HS79                   mincon             ok     status=1 f_model=13 c_model=13 wall=0.001s
ELLIPSOID_50           mincon             ok     status=1 f_model=423 c_model=423 wall=0.024s
ELLIPSOID_500          mincon             ok     status=1 f_model=5220 c_model=5220 wall=22.444s
UNITS                  mincon             ok     status=1 f_model=19 c_model=19 wall=0.000s
PRESSURE_VESSEL        mincon             ok     status=1 f_model=17 c_model=17 wall=0.001s
HS63                   mincon             ok     status=1 f_model=147 c_model=147 wall=0.002s
HS75                   mincon             ok     status=1 f_model=13 c_model=14 wall=0.001s
HS80                   mincon             ok     status=1 f_model=9 c_model=9 wall=0.000s
HS108                  mincon             ok     status=1 f_model=24 c_model=24 wall=0.002s
HS76                   mincon             ok     status=1 f_model=10 c_model=10 wall=0.000s
