HS48                   mincon             ok     status=1 f_model=73 c_model=85 wall=0.004s
HS77                   mincon             ok     status=1 f_model=200 c_model=150 wall=0.003s
HS117                  mincon             ok     status=1 f_model=384 c_model=368 wall=0.008s
PORTFOLIO_100          mincon             ok     status=1 f_model=3131 c_model=3333 wall=3.673s
HS62                   mincon             ok     status=6 f_model=248 c_model=256 wall=0.003s
BIGMULT                mincon             ok     status=1 f_model=24 c_model=22 wall=0.000s
ELLIPSOID_5            mincon             ok     status=1 f_model=133 c_model=145 wall=0.002s
SPEED_REDUCER          mincon             ok     status=1 f_model=120 c_model=91 wall=0.005s
WELDED_BEAM            mincon             ok     status=1 f_model=116 c_model=126 wall=0.005s
HS96                   mincon             ok     status=1 f_model=105 c_model=119 wall=0.003s
HS98                   mincon             ok     status=1 f_model=210 c_model=224 wall=0.005s
PORTFOLIO_20           mincon             ok     status=1 f_model=504 c_model=546 wall=0.033s
HS93                   mincon             ok     status=1 f_model=98 c_model=112 wall=0.002s
HS51                   mincon             ok     status=1 f_model=52 c_model=48 wall=0.001s
HS79                   mincon             ok     status=1 f_model=84 c_model=68 wall=0.001s
ELLIPSOID_50           mincon             ok     status=6 f_model=6920 c_model=7022 wall=0.248s
ELLIPSOID_500          mincon             ok     status=0 f_model=100235 c_model=101237 wall=26.346s
UNITS                  mincon             ok     status=1 f_model=32 c_model=38 wall=0.000s
PRESSURE_VESSEL        mincon             ok     status=1 f_model=90 c_model=64 wall=0.001s
HS63                   mincon             ok     status=1 f_model=303 c_model=323 wall=0.005s
HS75                   mincon             ok     status=1 f_model=80 c_model=74 wall=0.001s
HS80                   mincon             ok     status=1 f_model=60 c_model=72 wall=0.001s
HS108                  mincon             ok     status=1 f_model=250 c_model=245 wall=0.004s
HS76                   mincon             ok     status=1 f_model=55 c_model=65 wall=0.001s
