HS93                   scipy-slsqp        ok     status=0 f_model=12 c_model=12 wall=0.001s
HS62                   scipy-slsqp        ok     status=0 f_model=13 c_model=13 wall=0.001s
UNITS                  scipy-slsqp        ok     status=0 f_model=13 c_model=13 wall=0.001s
HS98                   scipy-slsqp        ok     status=0 f_model=6 c_model=6 wall=0.001s
PORTFOLIO_100          scipy-slsqp        ok     status=0 f_model=16 c_model=16 wall=0.045s
ELLIPSOID_5            scipy-slsqp        ok     status=0 f_model=26 c_model=26 wall=0.001s
HS77                   scipy-slsqp        ok     status=0 f_model=16 c_model=16 wall=0.001s
HS117                  scipy-slsqp        ok     status=0 f_model=16 c_model=16 wall=0.002s
HS80                   scipy-slsqp        ok     status=0 f_model=7 c_model=7 wall=0.001s
HS75                   scipy-slsqp        ok     status=0 f_model=9 c_model=9 wall=0.001s
HS96                   scipy-slsqp        ok     status=0 f_model=2 c_model=2 wall=0.000s
HS63                   scipy-slsqp        ok     status=0 f_model=13 c_model=13 wall=0.001s
ELLIPSOID_500          scipy-slsqp        ok     status=0 f_model=1340 c_model=1340 wall=0.948s
ELLIPSOID_50           scipy-slsqp        ok     status=0 f_model=158 c_model=158 wall=0.017s
BIGMULT                scipy-slsqp        ok     status=0 f_model=4 c_model=4 wall=0.000s
HS108                  scipy-slsqp        ok     status=0 f_model=13 c_model=13 wall=0.001s
WELDED_BEAM            scipy-slsqp        ok     status=0 f_model=9 c_model=9 wall=0.001s
SPEED_REDUCER          scipy-slsqp        ok     status=0 f_model=38 c_model=38 wall=0.002s
HS76                   scipy-slsqp        ok     status=0 f_model=6 c_model=6 wall=0.001s
HS48                   scipy-slsqp        ok     status=0 f_model=7 c_model=7 wall=0.001s
PORTFOLIO_20           scipy-slsqp        ok     status=0 f_model=12 c_model=12 wall=0.003s
HS51                   scipy-slsqp        ok     status=0 f_model=5 c_model=5 wall=0.000s
PRESSURE_VESSEL        scipy-slsqp        ok     status=8 f_model=58 c_model=58 wall=0.002s
HS79                   scipy-slsqp        ok     status=0 f_model=10 c_model=10 wall=0.001s
