HS93                   scipy-slsqp        ok     status=0 f_model=75 c_model=76 wall=0.003s
HS62                   scipy-slsqp        ok     status=0 f_model=40 c_model=41 wall=0.002s
UNITS                  scipy-slsqp        ok     status=0 f_model=19 c_model=20 wall=0.001s
HS98                   scipy-slsqp        ok     status=0 f_model=42 c_model=43 wall=0.002s
PORTFOLIO_100          scipy-slsqp        ok     status=0 f_model=1116 c_model=2228 wall=1.252s
ELLIPSOID_5            scipy-slsqp        ok     status=0 f_model=106 c_model=107 wall=0.004s
HS77                   scipy-slsqp        ok     status=0 f_model=86 c_model=87 wall=0.004s
HS117                  scipy-slsqp        ok     status=0 f_model=256 c_model=257 wall=0.011s
HS80                   scipy-slsqp        ok     status=0 f_model=42 c_model=43 wall=0.003s
HS75                   scipy-slsqp        ok     status=0 f_model=45 c_model=91 wall=0.004s
HS96                   scipy-slsqp        ok     status=0 f_model=14 c_model=15 wall=0.001s
HS63                   scipy-slsqp        ok     status=0 f_model=40 c_model=41 wall=0.002s
ELLIPSOID_500          scipy-slsqp        ok     status=0 f_model=298744 c_model=298745 wall=63.708s
ELLIPSOID_50           scipy-slsqp        ok     status=0 f_model=4158 c_model=4159 wall=0.169s
BIGMULT                scipy-slsqp        ok     status=0 f_model=12 c_model=13 wall=0.001s
HS108                  scipy-slsqp        ok     status=0 f_model=121 c_model=122 wall=0.005s
WELDED_BEAM            scipy-slsqp        ok     status=0 f_model=61 c_model=62 wall=0.003s
SPEED_REDUCER          scipy-slsqp        ok     status=0 f_model=67 c_model=68 wall=0.009s
HS76                   scipy-slsqp        ok     status=0 f_model=26 c_model=27 wall=0.003s
HS48                   scipy-slsqp        ok     status=0 f_model=27 c_model=28 wall=0.003s
PORTFOLIO_20           scipy-slsqp        ok     status=0 f_model=212 c_model=423 wall=0.021s
HS51                   scipy-slsqp        ok     status=0 f_model=20 c_model=21 wall=0.001s
PRESSURE_VESSEL        scipy-slsqp        ok     status=8 f_model=125 c_model=126 wall=0.005s
HS79                   scipy-slsqp        ok     status=0 f_model=50 c_model=51 wall=0.002s
