BADSTART_DISC          mincon-sqp         ok     status=1 f_model=203 c_model=209 wall=0.002s
BIGMULT                mincon-sqp         ok     status=1 f_model=14 c_model=16 wall=0.000s
CANTILEVER             mincon-sqp         ok     status=1 f_model=153 c_model=165 wall=0.002s
CATENARY_10            mincon-sqp         ok     status=1 f_model=643 c_model=233 wall=0.007s
CATENARY_40            mincon-sqp         ok     status=2 f_model=13234 c_model=1256 wall=7.037s
CHAINROSEN_BOX_10      mincon-sqp         ok     status=1 f_model=759 c_model=0 wall=0.006s
CHAINROSEN_BOX_200     mincon-sqp         ok     status=0 f_model=100012 c_model=0 wall=12.474s
CHAINROSEN_BOX_50      mincon-sqp         ok     status=1 f_model=13740 c_model=0 wall=0.396s
CHAINROSEN_EQ_10       mincon-sqp         ok     status=1 f_model=387 c_model=409 wall=0.006s
CHAINROSEN_EQ_200      mincon-sqp         ok     status=1 f_model=82910 c_model=83312 wall=41.262s
CHAINROSEN_EQ_50       mincon-sqp         ok     status=1 f_model=5409 c_model=5511 wall=0.294s
DEGEN_LICQ             mincon-sqp         ok     status=1 f_model=6 c_model=12 wall=0.000s
DISPATCH_20            mincon-sqp         ok     status=1 f_model=986 c_model=1028 wall=0.017s
DISPATCH_5             mincon-sqp         ok     status=1 f_model=119 c_model=131 wall=0.002s
<corpus>:3: RuntimeWarning: divide by zero encountered in log
DOMAIN_LOG             mincon-sqp         ok     status=1 f_model=37 c_model=42 wall=0.001s
DOMAIN_SQRT            mincon-sqp         ok     status=1 f_model=26 c_model=0 wall=0.000s
ELLIPSOID2_20          mincon-sqp         ok     status=6 f_model=1346 c_model=1388 wall=0.021s
ELLIPSOID2_200         mincon-sqp         ok     status=6 f_model=31059 c_model=31461 wall=15.819s
ELLIPSOID_5            mincon-sqp         ok     status=1 f_model=133 c_model=145 wall=0.002s
ELLIPSOID_50           mincon-sqp         ok     status=6 f_model=5729 c_model=5831 wall=0.195s
ELLIPSOID_500          mincon-sqp         ok     status=0 f_model=34249 c_model=35251 wall=120.496s
EQQP6                  mincon-sqp         ok     status=1 f_model=34 c_model=48 wall=0.001s
EXPFIT2_CLEAN          mincon-sqp         ok     status=1 f_model=135 c_model=101 wall=0.005s
EXPFIT2_NOISY          mincon-sqp         ok     status=1 f_model=130 c_model=98 wall=0.003s
EXPFIT_CLEAN           mincon-sqp         ok     status=1 f_model=74 c_model=0 wall=0.001s
EXPFIT_CLEAN_CON       mincon-sqp         ok     status=1 f_model=60 c_model=57 wall=0.001s
EXPFIT_NOISY           mincon-sqp         ok     status=1 f_model=85 c_model=0 wall=0.001s
FIXEDVARS              mincon-sqp         ok     status=1 f_model=18 c_model=24 wall=0.000s
FLAT_BOUND             mincon-sqp         ok     status=1 f_model=14 c_model=0 wall=0.000s
HS1                    mincon-sqp         ok     status=1 f_model=105 c_model=0 wall=0.001s
HS10                   mincon-sqp         ok     status=1 f_model=38 c_model=44 wall=0.000s
HS100                  mincon-sqp         ok     status=6 f_model=333 c_model=291 wall=0.004s
HS104                  mincon-sqp         ok     status=1 f_model=198 c_model=140 wall=0.002s
HS106                  mincon-sqp         ok     status=1 f_model=1445 c_model=983 wall=0.013s
HS108                  mincon-sqp         ok     status=1 f_model=179 c_model=184 wall=0.003s
HS11                   mincon-sqp         ok     status=1 f_model=29 c_model=35 wall=0.000s
HS110                  mincon-sqp         ok     status=1 f_model=141 c_model=0 wall=0.002s
HS111                  mincon-sqp         ok     status=1 f_model=658 c_model=405 wall=0.019s
HS112                  mincon-sqp         ok     status=6 f_model=561 c_model=363 wall=0.010s
HS113                  mincon-sqp         ok     status=1 f_model=226 c_model=146 wall=0.003s
HS117                  mincon-sqp         ok     status=1 f_model=308 c_model=304 wall=0.006s
HS118                  mincon-sqp         ok     status=1 f_model=400 c_model=157 wall=0.005s
HS12                   mincon-sqp         ok     status=1 f_model=30 c_model=36 wall=0.000s
HS13                   mincon-sqp         ok     status=6 f_model=60 c_model=66 wall=0.001s
HS14                   mincon-sqp         ok     status=1 f_model=18 c_model=24 wall=0.000s
HS15                   mincon-sqp         ok     status=1 f_model=12 c_model=18 wall=0.000s
HS16                   mincon-sqp         ok     status=1 f_model=29 c_model=35 wall=0.000s
HS17                   mincon-sqp         ok     status=1 f_model=61 c_model=67 wall=0.001s
HS18                   mincon-sqp         ok     status=1 f_model=28 c_model=34 wall=0.000s
HS19                   mincon-sqp         ok     status=2 f_model=30 c_model=36 wall=0.000s
HS2                    mincon-sqp         ok     status=1 f_model=62 c_model=0 wall=0.000s
HS20                   mincon-sqp         ok     status=1 f_model=18 c_model=24 wall=0.000s
HS21                   mincon-sqp         ok     status=1 f_model=9 c_model=15 wall=0.000s
HS22                   mincon-sqp         ok     status=1 f_model=15 c_model=21 wall=0.000s
HS23                   mincon-sqp         ok     status=1 f_model=21 c_model=27 wall=0.000s
HS24                   mincon-sqp         ok     status=1 f_model=18 c_model=24 wall=0.000s
HS25                   mincon-sqp         ok     status=1 f_model=186 c_model=0 wall=0.009s
HS26                   mincon-sqp         ok     status=1 f_model=93 c_model=101 wall=0.001s
HS27                   mincon-sqp         ok     status=1 f_model=118 c_model=103 wall=0.001s
HS28                   mincon-sqp         ok     status=1 f_model=49 c_model=57 wall=0.001s
HS29                   mincon-sqp         ok     status=1 f_model=56 c_model=64 wall=0.001s
HS3                    mincon-sqp         ok     status=1 f_model=32 c_model=0 wall=0.000s
HS30                   mincon-sqp         ok     status=1 f_model=53 c_model=49 wall=0.001s
HS31                   mincon-sqp         ok     status=1 f_model=50 c_model=48 wall=0.001s
HS32                   mincon-sqp         ok     status=1 f_model=12 c_model=20 wall=0.000s
HS33                   mincon-sqp         ok     status=1 f_model=49 c_model=57 wall=0.001s
HS34                   mincon-sqp         ok     status=1 f_model=33 c_model=33 wall=0.000s
HS35                   mincon-sqp         ok     status=1 f_model=38 c_model=46 wall=0.001s
HS36                   mincon-sqp         ok     status=1 f_model=8 c_model=16 wall=0.000s
HS37                   mincon-sqp         ok     status=1 f_model=51 c_model=59 wall=0.001s
HS38                   mincon-sqp         ok     status=1 f_model=174 c_model=0 wall=0.001s
HS39                   mincon-sqp         ok     status=1 f_model=71 c_model=68 wall=0.001s
HS4                    mincon-sqp         ok     status=1 f_model=6 c_model=0 wall=0.000s
HS40                   mincon-sqp         ok     status=1 f_model=37 c_model=40 wall=0.001s
HS41                   mincon-sqp         ok     status=1 f_model=46 c_model=56 wall=0.001s
HS42                   mincon-sqp         ok     status=1 f_model=59 c_model=51 wall=0.001s
HS43                   mincon-sqp         ok     status=1 f_model=77 c_model=87 wall=0.001s
HS44                   mincon-sqp         ok     status=1 f_model=30 c_model=28 wall=0.000s
HS45                   mincon-sqp         ok     status=1 f_model=48 c_model=0 wall=0.000s
HS46                   mincon-sqp         ok     status=1 f_model=229 c_model=183 wall=0.002s
HS47                   mincon-sqp         ok     status=1 f_model=218 c_model=172 wall=0.002s
HS48                   mincon-sqp         ok     status=1 f_model=77 c_model=89 wall=0.001s
HS49                   mincon-sqp         ok     status=1 f_model=168 c_model=155 wall=0.002s
HS5                    mincon-sqp         ok     status=1 f_model=43 c_model=0 wall=0.000s
HS50                   mincon-sqp         ok     status=1 f_model=93 c_model=77 wall=0.001s
HS51                   mincon-sqp         ok     status=1 f_model=53 c_model=51 wall=0.001s
HS52                   mincon-sqp         ok     status=1 f_model=71 c_model=65 wall=0.001s
HS53                   mincon-sqp         ok     status=1 f_model=61 c_model=55 wall=0.001s
HS55                   mincon-sqp         ok     status=2 f_model=43 c_model=45 wall=0.001s
HS56                   mincon-sqp         ok     status=1 f_model=117 c_model=97 wall=0.001s
HS57                   mincon-sqp         ok     status=1 f_model=64 c_model=70 wall=0.002s
HS6                    mincon-sqp         ok     status=1 f_model=43 c_model=49 wall=0.001s
HS60                   mincon-sqp         ok     status=1 f_model=49 c_model=57 wall=0.001s
HS61                   mincon-sqp         ok     status=1 f_model=50 c_model=48 wall=0.001s
HS62                   mincon-sqp         ok     status=1 f_model=71 c_model=79 wall=0.001s
HS63                   mincon-sqp         ok     status=1 f_model=57 c_model=65 wall=0.001s
HS64                   mincon-sqp         ok     status=1 f_model=165 c_model=173 wall=0.002s
HS65                   mincon-sqp         ok     status=1 f_model=39 c_model=47 wall=0.001s
HS66                   mincon-sqp         ok     status=1 f_model=31 c_model=32 wall=0.001s
HS7                    mincon-sqp         ok     status=1 f_model=40 c_model=46 wall=0.001s
HS71                   mincon-sqp         ok     status=1 f_model=32 c_model=42 wall=0.001s
HS72                   mincon-sqp         ok     status=1 f_model=92 c_model=102 wall=0.001s
HS73                   mincon-sqp         ok     status=1 f_model=25 c_model=35 wall=0.001s
HS74                   mincon-sqp         ok     status=1 f_model=104 c_model=97 wall=0.002s
HS75                   mincon-sqp         ok     status=1 f_model=79 c_model=75 wall=0.001s
HS76                   mincon-sqp         ok     status=1 f_model=46 c_model=56 wall=0.001s
HS77                   mincon-sqp         ok     status=1 f_model=111 c_model=91 wall=0.001s
HS78                   mincon-sqp         ok     status=1 f_model=60 c_model=72 wall=0.001s
HS79                   mincon-sqp         ok     status=1 f_model=84 c_model=70 wall=0.001s
HS8                    mincon-sqp         ok     status=1 f_model=21 c_model=27 wall=0.000s
HS80                   mincon-sqp         ok     status=1 f_model=49 c_model=61 wall=0.001s
HS81                   mincon-sqp         ok     status=1 f_model=62 c_model=74 wall=0.001s
HS83                   mincon-sqp         ok     status=1 f_model=36 c_model=48 wall=0.001s
HS84                   mincon-sqp         ok     status=1 f_model=66 c_model=78 wall=0.001s
HS86                   mincon-sqp         ok     status=1 f_model=48 c_model=60 wall=0.001s
HS9                    mincon-sqp         ok     status=1 f_model=23 c_model=29 wall=0.000s
HS93                   mincon-sqp         ok     status=1 f_model=222 c_model=236 wall=0.003s
HS95                   mincon-sqp         ok     status=1 f_model=35 c_model=49 wall=0.001s
HS96                   mincon-sqp         ok     status=1 f_model=35 c_model=49 wall=0.001s
HS97                   mincon-sqp         ok     status=1 f_model=79 c_model=93 wall=0.001s
HS98                   mincon-sqp         ok     status=1 f_model=79 c_model=93 wall=0.001s
INFEASIBLE_LIN         mincon-sqp         ok     status=-4 f_model=17 c_model=23 wall=0.000s
INFEASIBLE_NL          mincon-sqp         ok     status=-4 f_model=81 c_model=87 wall=0.001s
LQTRAJ_10              mincon-sqp         ok     status=1 f_model=240 c_model=106 wall=0.003s
LQTRAJ_200             mincon-sqp         ok     status=1 f_model=5998 c_model=1256 wall=3.748s
LQTRAJ_50              mincon-sqp         ok     status=1 f_model=1349 c_model=351 wall=0.063s
MANY_INEQ              mincon-sqp         ok     status=1 f_model=12 c_model=24 wall=0.001s
NARROWBOX              mincon-sqp         ok     status=1 f_model=9 c_model=0 wall=0.000s
NEARDEP                mincon-sqp         ok     status=1 f_model=8 c_model=14 wall=0.000s
POLYQP_10              mincon-sqp         ok     status=1 f_model=154 c_model=176 wall=0.009s
POLYQP_100             mincon-sqp         ok     status=1 f_model=2349 c_model=2551 wall=7.209s
PORTFOLIO_100          mincon-sqp         ok     status=1 f_model=2441 c_model=2643 wall=2.382s
PORTFOLIO_20           mincon-sqp         ok     status=1 f_model=371 c_model=413 wall=0.023s
PRESSURE_VESSEL        mincon-sqp         ok     status=1 f_model=61 c_model=49 wall=0.001s
QUADSPHERE2_30         mincon-sqp         ok     status=1 f_model=1950 c_model=2012 wall=0.043s
QUADSPHERE2_300        mincon-sqp         ok     status=0 f_model=76679 c_model=77281 wall=120.144s
QUADSPHERE_10          mincon-sqp         ok     status=1 f_model=294 c_model=316 wall=0.004s
QUADSPHERE_100         mincon-sqp         ok     status=1 f_model=17587 c_model=17789 wall=1.668s
QUADSPHERE_1000        mincon-sqp         ok     status=0 f_model=14048 c_model=16050 wall=128.177s
RANKLOSS_JAC           mincon-sqp         ok     status=6 f_model=110 c_model=80 wall=0.001s
REDUNDANT_EQ           mincon-sqp         ok     status=1 f_model=22 c_model=30 wall=0.000s
SPEED_REDUCER          mincon-sqp         ok     status=1 f_model=56 c_model=51 wall=0.001s
SPRING                 mincon-sqp         ok     status=1 f_model=41 c_model=49 wall=0.001s
START_OUTSIDE          mincon-sqp         ok     status=1 f_model=17 c_model=23 wall=0.000s
THREEBAR_TRUSS         mincon-sqp         ok     status=1 f_model=38 c_model=44 wall=0.001s
TUBULAR_COLUMN         mincon-sqp         ok     status=1 f_model=21 c_model=27 wall=0.001s
UNBOUNDED_PAR          mincon-sqp         ok     status=0 f_model=2806 c_model=2812 wall=0.025s
UNITS                  mincon-sqp         ok     status=1 f_model=62 c_model=68 wall=0.001s
WELDED_BEAM            mincon-sqp         ok     status=1 f_model=79 c_model=89 wall=0.001s
