BADSTART_DISC          mincon             ok     status=1 f_model=203 c_model=209 wall=0.003s
BIGMULT                mincon             ok     status=1 f_model=14 c_model=16 wall=0.000s
CANTILEVER             mincon             ok     status=1 f_model=153 c_model=165 wall=0.002s
CATENARY_10            mincon             ok     status=1 f_model=643 c_model=233 wall=0.009s
CATENARY_40            mincon             ok     status=1 f_model=19102 c_model=1870 wall=0.289s
CHAINROSEN_BOX_10      mincon             ok     status=1 f_model=759 c_model=0 wall=0.007s
CHAINROSEN_BOX_200     mincon             ok     status=0 f_model=100158 c_model=0 wall=10.842s
CHAINROSEN_BOX_50      mincon             ok     status=1 f_model=27378 c_model=0 wall=0.776s
CHAINROSEN_EQ_10       mincon             ok     status=1 f_model=387 c_model=409 wall=0.007s
CHAINROSEN_EQ_200      mincon             ok     status=1 f_model=15280 c_model=15682 wall=2.013s
CHAINROSEN_EQ_50       mincon             ok     status=1 f_model=3472 c_model=3574 wall=0.133s
DEGEN_LICQ             mincon             ok     status=1 f_model=6 c_model=12 wall=0.000s
DISPATCH_20            mincon             ok     status=1 f_model=986 c_model=1028 wall=0.022s
DISPATCH_5             mincon             ok     status=1 f_model=119 c_model=131 wall=0.002s
<corpus>:3: RuntimeWarning: divide by zero encountered in log
DOMAIN_LOG             mincon             ok     status=1 f_model=37 c_model=42 wall=0.001s
DOMAIN_SQRT            mincon             ok     status=1 f_model=26 c_model=0 wall=0.000s
ELLIPSOID2_20          mincon             ok     status=6 f_model=1346 c_model=1388 wall=0.026s
ELLIPSOID2_200         mincon             ok     status=6 f_model=85561 c_model=85963 wall=7.537s
ELLIPSOID_5            mincon             ok     status=1 f_model=133 c_model=145 wall=0.002s
ELLIPSOID_50           mincon             ok     status=6 f_model=6928 c_model=7030 wall=0.152s
ELLIPSOID_500          mincon             ok     status=0 f_model=100200 c_model=101202 wall=20.096s
EQQP6                  mincon             ok     status=1 f_model=34 c_model=48 wall=0.001s
EXPFIT2_CLEAN          mincon             ok     status=1 f_model=135 c_model=101 wall=0.004s
EXPFIT2_NOISY          mincon             ok     status=1 f_model=130 c_model=98 wall=0.003s
EXPFIT_CLEAN           mincon             ok     status=1 f_model=74 c_model=0 wall=0.001s
EXPFIT_CLEAN_CON       mincon             ok     status=1 f_model=60 c_model=57 wall=0.001s
EXPFIT_NOISY           mincon             ok     status=1 f_model=85 c_model=0 wall=0.001s
FIXEDVARS              mincon             ok     status=1 f_model=18 c_model=24 wall=0.000s
FLAT_BOUND             mincon             ok     status=1 f_model=14 c_model=0 wall=0.000s
HS1                    mincon             ok     status=1 f_model=105 c_model=0 wall=0.001s
HS10                   mincon             ok     status=1 f_model=38 c_model=44 wall=0.001s
HS100                  mincon             ok     status=6 f_model=333 c_model=291 wall=0.004s
HS104                  mincon             ok     status=1 f_model=198 c_model=140 wall=0.002s
HS106                  mincon             ok     status=1 f_model=1445 c_model=983 wall=0.014s
HS108                  mincon             ok     status=1 f_model=179 c_model=184 wall=0.003s
HS11                   mincon             ok     status=1 f_model=29 c_model=35 wall=0.000s
HS110                  mincon             ok     status=1 f_model=141 c_model=0 wall=0.002s
HS111                  mincon             ok     status=1 f_model=658 c_model=405 wall=0.020s
HS112                  mincon             ok     status=6 f_model=561 c_model=363 wall=0.010s
HS113                  mincon             ok     status=1 f_model=226 c_model=146 wall=0.003s
HS117                  mincon             ok     status=1 f_model=308 c_model=304 wall=0.006s
HS118                  mincon             ok     status=1 f_model=400 c_model=157 wall=0.005s
HS12                   mincon             ok     status=1 f_model=30 c_model=36 wall=0.000s
HS13                   mincon             ok     status=6 f_model=60 c_model=66 wall=0.001s
HS14                   mincon             ok     status=1 f_model=18 c_model=24 wall=0.000s
HS15                   mincon             ok     status=1 f_model=12 c_model=18 wall=0.000s
HS16                   mincon             ok     status=1 f_model=29 c_model=35 wall=0.000s
HS17                   mincon             ok     status=1 f_model=61 c_model=67 wall=0.001s
HS18                   mincon             ok     status=1 f_model=28 c_model=34 wall=0.000s
HS19                   mincon             ok     status=1 f_model=75 c_model=87 wall=0.001s
HS2                    mincon             ok     status=1 f_model=62 c_model=0 wall=0.000s
HS20                   mincon             ok     status=1 f_model=18 c_model=24 wall=0.000s
HS21                   mincon             ok     status=1 f_model=9 c_model=15 wall=0.000s
HS22                   mincon             ok     status=1 f_model=15 c_model=21 wall=0.000s
HS23                   mincon             ok     status=1 f_model=21 c_model=27 wall=0.000s
HS24                   mincon             ok     status=1 f_model=18 c_model=24 wall=0.000s
HS25                   mincon             ok     status=1 f_model=186 c_model=0 wall=0.010s
HS26                   mincon             ok     status=1 f_model=93 c_model=101 wall=0.001s
HS27                   mincon             ok     status=1 f_model=118 c_model=103 wall=0.001s
HS28                   mincon             ok     status=1 f_model=49 c_model=57 wall=0.001s
HS29                   mincon             ok     status=1 f_model=56 c_model=64 wall=0.001s
HS3                    mincon             ok     status=1 f_model=32 c_model=0 wall=0.000s
HS30                   mincon             ok     status=1 f_model=53 c_model=49 wall=0.001s
HS31                   mincon             ok     status=1 f_model=50 c_model=48 wall=0.001s
HS32                   mincon             ok     status=1 f_model=12 c_model=20 wall=0.000s
HS33                   mincon             ok     status=1 f_model=49 c_model=57 wall=0.001s
HS34                   mincon             ok     status=1 f_model=33 c_model=33 wall=0.000s
HS35                   mincon             ok     status=1 f_model=38 c_model=46 wall=0.001s
HS36                   mincon             ok     status=1 f_model=8 c_model=16 wall=0.000s
HS37                   mincon             ok     status=1 f_model=51 c_model=59 wall=0.001s
HS38                   mincon             ok     status=1 f_model=174 c_model=0 wall=0.001s
HS39                   mincon             ok     status=1 f_model=71 c_model=68 wall=0.001s
HS4                    mincon             ok     status=1 f_model=6 c_model=0 wall=0.000s
HS40                   mincon             ok     status=1 f_model=37 c_model=40 wall=0.001s
HS41                   mincon             ok     status=1 f_model=46 c_model=56 wall=0.001s
HS42                   mincon             ok     status=1 f_model=59 c_model=51 wall=0.001s
HS43                   mincon             ok     status=1 f_model=77 c_model=87 wall=0.001s
HS44                   mincon             ok     status=1 f_model=30 c_model=28 wall=0.000s
HS45                   mincon             ok     status=1 f_model=48 c_model=0 wall=0.000s
HS46                   mincon             ok     status=1 f_model=229 c_model=183 wall=0.002s
HS47                   mincon             ok     status=1 f_model=218 c_model=172 wall=0.002s
HS48                   mincon             ok     status=1 f_model=77 c_model=89 wall=0.001s
HS49                   mincon             ok     status=1 f_model=168 c_model=155 wall=0.002s
HS5                    mincon             ok     status=1 f_model=43 c_model=0 wall=0.000s
HS50                   mincon             ok     status=1 f_model=93 c_model=77 wall=0.001s
HS51                   mincon             ok     status=1 f_model=53 c_model=51 wall=0.001s
HS52                   mincon             ok     status=1 f_model=71 c_model=65 wall=0.001s
HS53                   mincon             ok     status=1 f_model=61 c_model=55 wall=0.001s
HS55                   mincon             ok     status=1 f_model=120 c_model=103 wall=0.002s
HS56                   mincon             ok     status=1 f_model=117 c_model=97 wall=0.001s
HS57                   mincon             ok     status=1 f_model=64 c_model=70 wall=0.002s
HS6                    mincon             ok     status=1 f_model=43 c_model=49 wall=0.001s
HS60                   mincon             ok     status=1 f_model=49 c_model=57 wall=0.001s
HS61                   mincon             ok     status=1 f_model=50 c_model=48 wall=0.001s
HS62                   mincon             ok     status=1 f_model=71 c_model=79 wall=0.001s
HS63                   mincon             ok     status=1 f_model=57 c_model=65 wall=0.001s
HS64                   mincon             ok     status=1 f_model=165 c_model=173 wall=0.002s
HS65                   mincon             ok     status=1 f_model=39 c_model=47 wall=0.001s
HS66                   mincon             ok     status=1 f_model=31 c_model=32 wall=0.001s
HS7                    mincon             ok     status=1 f_model=40 c_model=46 wall=0.001s
HS71                   mincon             ok     status=1 f_model=32 c_model=42 wall=0.001s
HS72                   mincon             ok     status=1 f_model=92 c_model=102 wall=0.001s
HS73                   mincon             ok     status=1 f_model=25 c_model=35 wall=0.001s
HS74                   mincon             ok     status=1 f_model=104 c_model=97 wall=0.002s
HS75                   mincon             ok     status=1 f_model=79 c_model=75 wall=0.001s
HS76                   mincon             ok     status=1 f_model=46 c_model=56 wall=0.001s
HS77                   mincon             ok     status=1 f_model=111 c_model=91 wall=0.001s
HS78                   mincon             ok     status=1 f_model=60 c_model=72 wall=0.001s
HS79                   mincon             ok     status=1 f_model=84 c_model=70 wall=0.001s
HS8                    mincon             ok     status=1 f_model=21 c_model=27 wall=0.000s
HS80                   mincon             ok     status=1 f_model=49 c_model=61 wall=0.001s
HS81                   mincon             ok     status=1 f_model=62 c_model=74 wall=0.001s
HS83                   mincon             ok     status=1 f_model=36 c_model=48 wall=0.001s
HS84                   mincon             ok     status=1 f_model=66 c_model=78 wall=0.001s
HS86                   mincon             ok     status=1 f_model=48 c_model=60 wall=0.001s
HS9                    mincon             ok     status=1 f_model=23 c_model=29 wall=0.000s
HS93                   mincon             ok     status=1 f_model=222 c_model=236 wall=0.003s
HS95                   mincon             ok     status=1 f_model=35 c_model=49 wall=0.001s
HS96                   mincon             ok     status=1 f_model=35 c_model=49 wall=0.001s
HS97                   mincon             ok     status=1 f_model=79 c_model=93 wall=0.001s
HS98                   mincon             ok     status=1 f_model=79 c_model=93 wall=0.002s
INFEASIBLE_LIN         mincon             ok     status=-4 f_model=245 c_model=317 wall=0.003s
INFEASIBLE_NL          mincon             ok     status=-4 f_model=186 c_model=258 wall=0.002s
LQTRAJ_10              mincon             ok     status=1 f_model=270 c_model=111 wall=0.003s
LQTRAJ_200             mincon             ok     status=1 f_model=6598 c_model=1261 wall=1.874s
LQTRAJ_50              mincon             ok     status=1 f_model=1499 c_model=356 wall=0.060s
MANY_INEQ              mincon             ok     status=1 f_model=12 c_model=24 wall=0.001s
NARROWBOX              mincon             ok     status=1 f_model=9 c_model=0 wall=0.000s
NEARDEP                mincon             ok     status=1 f_model=8 c_model=14 wall=0.000s
POLYQP_10              mincon             ok     status=1 f_model=154 c_model=176 wall=0.007s
POLYQP_100             mincon             ok     status=1 f_model=2833 c_model=3035 wall=8.753s
PORTFOLIO_100          mincon             ok     status=1 f_model=3135 c_model=3337 wall=2.758s
PORTFOLIO_20           mincon             ok     status=1 f_model=371 c_model=413 wall=0.023s
PRESSURE_VESSEL        mincon             ok     status=1 f_model=61 c_model=49 wall=0.001s
QUADSPHERE2_30         mincon             ok     status=1 f_model=1271 c_model=1333 wall=0.027s
QUADSPHERE2_300        mincon             ok     status=1 f_model=13245 c_model=13847 wall=1.320s
QUADSPHERE_10          mincon             ok     status=1 f_model=294 c_model=316 wall=0.004s
QUADSPHERE_100         mincon             ok     status=1 f_model=1414 c_model=1616 wall=0.056s
QUADSPHERE_1000        mincon             ok     status=1 f_model=16016 c_model=18018 wall=7.212s
RANKLOSS_JAC           mincon             ok     status=6 f_model=110 c_model=80 wall=0.001s
REDUNDANT_EQ           mincon             ok     status=1 f_model=22 c_model=30 wall=0.000s
SPEED_REDUCER          mincon             ok     status=1 f_model=56 c_model=51 wall=0.001s
SPRING                 mincon             ok     status=1 f_model=41 c_model=49 wall=0.001s
START_OUTSIDE          mincon             ok     status=1 f_model=17 c_model=23 wall=0.000s
THREEBAR_TRUSS         mincon             ok     status=1 f_model=38 c_model=44 wall=0.001s
TUBULAR_COLUMN         mincon             ok     status=1 f_model=21 c_model=27 wall=0.000s
UNBOUNDED_PAR          mincon             ok     status=-3 f_model=13588 c_model=13648 wall=0.106s
UNITS                  mincon             ok     status=1 f_model=62 c_model=68 wall=0.001s
WELDED_BEAM            mincon             ok     status=1 f_model=79 c_model=89 wall=0.001s
