HS84                   fmincon-interior-point   ok     status=1 f_model=161 c_model=161 wall=0.560s
CATENARY_40            fmincon-interior-point   ok     status=0 f_model=3074 c_model=3074 wall=0.309s
EXPFIT2_NOISY          fmincon-interior-point   ok     status=1 f_model=173 c_model=173 wall=0.147s
QUADSPHERE2_300        fmincon-interior-point   ok     status=0 f_model=3013 c_model=3013 wall=0.267s
QUADSPHERE2_30         fmincon-interior-point   ok     status=0 f_model=3013 c_model=3013 wall=0.268s
HS56                   fmincon-interior-point   ok     status=1 f_model=100 c_model=100 wall=0.055s
ELLIPSOID2_20          fmincon-interior-point   ok     status=1 f_model=1255 c_model=1255 wall=0.173s
POLYQP_100             fmincon-interior-point   ok     status=0 f_model=3030 c_model=3030 wall=2.580s
ELLIPSOID2_200         fmincon-interior-point   ok     status=0 f_model=3047 c_model=3047 wall=0.208s
CATENARY_10            fmincon-interior-point   ok     status=1 f_model=769 c_model=769 wall=0.066s
EXPFIT2_CLEAN          fmincon-interior-point   ok     status=1 f_model=173 c_model=173 wall=0.041s
TUBULAR_COLUMN         fmincon-interior-point   ok     status=1 f_model=27 c_model=27 wall=0.039s
POLYQP_10              fmincon-interior-point   ok     status=1 f_model=231 c_model=231 wall=0.031s
DISPATCH_20            fmincon-interior-point   ok     status=1 f_model=1326 c_model=1326 wall=0.186s
DISPATCH_5             fmincon-interior-point   ok     status=1 f_model=120 c_model=120 wall=0.021s
HS25                   fmincon-interior-point   ok     status=1 f_model=4 c_model=0 wall=0.058s
ELLIPSOID2_20          fmincon-interior-point   ok     status=1 f_model=1255 c_model=1255 wall=0.706s
DISPATCH_5             fmincon-interior-point   ok     status=1 f_model=120 c_model=120 wall=0.192s
DISPATCH_20            fmincon-interior-point   ok     status=1 f_model=1326 c_model=1326 wall=0.181s
CATENARY_40            fmincon-interior-point   ok     status=0 f_model=3074 c_model=3074 wall=0.320s
EXPFIT2_CLEAN          fmincon-interior-point   ok     status=1 f_model=173 c_model=173 wall=0.200s
HS56                   fmincon-interior-point   ok     status=1 f_model=100 c_model=100 wall=0.051s
POLYQP_100             fmincon-interior-point   ok     status=0 f_model=3030 c_model=3030 wall=2.559s
HS25                   fmincon-interior-point   ok     status=1 f_model=4 c_model=0 wall=0.054s
QUADSPHERE2_30         fmincon-interior-point   ok     status=0 f_model=3013 c_model=3013 wall=0.226s
CATENARY_10            fmincon-interior-point   ok     status=1 f_model=769 c_model=769 wall=0.058s
QUADSPHERE2_300        fmincon-interior-point   ok     status=0 f_model=3013 c_model=3013 wall=0.231s
HS84                   fmincon-interior-point   ok     status=1 f_model=161 c_model=161 wall=0.077s
ELLIPSOID2_200         fmincon-interior-point   ok     status=0 f_model=3047 c_model=3047 wall=0.304s
EXPFIT2_NOISY          fmincon-interior-point   ok     status=1 f_model=173 c_model=173 wall=0.031s
TUBULAR_COLUMN         fmincon-interior-point   ok     status=1 f_model=27 c_model=27 wall=0.012s
POLYQP_10              fmincon-interior-point   ok     status=1 f_model=231 c_model=231 wall=0.040s
HS25                   fmincon-interior-point   ok     status=1 f_model=4 c_model=0 wall=0.355s
HS84                   fmincon-interior-point   ok     status=1 f_model=161 c_model=161 wall=0.303s
EXPFIT2_NOISY          fmincon-interior-point   ok     status=1 f_model=173 c_model=173 wall=0.131s
POLYQP_10              fmincon-interior-point   ok     status=1 f_model=231 c_model=231 wall=0.075s
ELLIPSOID2_20          fmincon-interior-point   ok     status=1 f_model=1255 c_model=1255 wall=0.266s
TUBULAR_COLUMN         fmincon-interior-point   ok     status=1 f_model=27 c_model=27 wall=0.056s
ELLIPSOID2_200         fmincon-interior-point   ok     status=0 f_model=3047 c_model=3047 wall=0.232s
HS56                   fmincon-interior-point   ok     status=1 f_model=100 c_model=100 wall=0.118s
EXPFIT2_CLEAN          fmincon-interior-point   ok     status=1 f_model=173 c_model=173 wall=0.042s
CATENARY_10            fmincon-interior-point   ok     status=1 f_model=769 c_model=769 wall=0.094s
DISPATCH_5             fmincon-interior-point   ok     status=1 f_model=120 c_model=120 wall=0.087s
CATENARY_40            fmincon-interior-point   ok     status=0 f_model=3074 c_model=3074 wall=0.185s
POLYQP_100             fmincon-interior-point   ok     status=0 f_model=3030 c_model=3030 wall=2.527s
QUADSPHERE2_300        fmincon-interior-point   ok     status=0 f_model=3013 c_model=3013 wall=0.273s
QUADSPHERE2_30         fmincon-interior-point   ok     status=0 f_model=3013 c_model=3013 wall=0.136s
DISPATCH_20            fmincon-interior-point   ok     status=1 f_model=1326 c_model=1326 wall=0.097s
