TUBULAR_COLUMN         mincon             ok     status=1 f_model=27 c_model=33 wall=0.001s
HS84                   mincon             ok     status=1 f_model=118 c_model=130 wall=0.002s
CATENARY_10            mincon             ok     status=1 f_model=1023 c_model=333 wall=0.008s
HS56                   mincon             ok     status=1 f_model=201 c_model=151 wall=0.002s
QUADSPHERE2_30         mincon             ok     status=1 f_model=1826 c_model=1888 wall=0.031s
DISPATCH_5             mincon             ok     status=1 f_model=102 c_model=114 wall=0.001s
EXPFIT2_CLEAN          mincon             ok     status=1 f_model=97 c_model=69 wall=0.002s
HS25                   mincon             ok     status=1 f_model=20 c_model=0 wall=0.001s
CATENARY_40            mincon             ok     status=1 f_model=18787 c_model=1851 wall=0.255s
QUADSPHERE2_300        mincon             ok     status=1 f_model=20810 c_model=21412 wall=2.363s
POLYQP_100             mincon             ok     status=6 f_model=3648 c_model=3850 wall=13.893s
ELLIPSOID2_20          mincon             ok     status=6 f_model=1864 c_model=1906 wall=0.031s
ELLIPSOID2_200         mincon             ok     status=6 f_model=83063 c_model=83465 wall=8.111s
EXPFIT2_NOISY          mincon             ok     status=1 f_model=97 c_model=69 wall=0.003s
DISPATCH_20            mincon             ok     status=6 f_model=1059 c_model=1101 wall=0.022s
POLYQP_10              mincon             ok     status=1 f_model=176 c_model=198 wall=0.010s
EXPFIT2_CLEAN          mincon             ok     status=1 f_model=97 c_model=69 wall=0.003s
EXPFIT2_NOISY          mincon             ok     status=1 f_model=97 c_model=69 wall=0.003s
QUADSPHERE2_300        mincon             ok     status=1 f_model=20810 c_model=21412 wall=2.079s
TUBULAR_COLUMN         mincon             ok     status=1 f_model=27 c_model=33 wall=0.001s
CATENARY_40            mincon             ok     status=1 f_model=18787 c_model=1851 wall=0.272s
HS56                   mincon             ok     status=1 f_model=201 c_model=151 wall=0.002s
POLYQP_100             mincon             ok     status=6 f_model=3648 c_model=3850 wall=14.088s
ELLIPSOID2_200         mincon             ok     status=6 f_model=83063 c_model=83465 wall=7.945s
CATENARY_10            mincon             ok     status=1 f_model=1023 c_model=333 wall=0.009s
POLYQP_10              mincon             ok     status=1 f_model=176 c_model=198 wall=0.010s
HS84                   mincon             ok     status=1 f_model=118 c_model=130 wall=0.002s
QUADSPHERE2_30         mincon             ok     status=1 f_model=1826 c_model=1888 wall=0.050s
ELLIPSOID2_20          mincon             ok     status=6 f_model=1864 c_model=1906 wall=0.031s
HS25                   mincon             ok     status=1 f_model=20 c_model=0 wall=0.003s
DISPATCH_5             mincon             ok     status=1 f_model=102 c_model=114 wall=0.001s
DISPATCH_20            mincon             ok     status=6 f_model=1059 c_model=1101 wall=0.023s
CATENARY_40            mincon             ok     status=1 f_model=18787 c_model=1851 wall=0.249s
DISPATCH_20            mincon             ok     status=6 f_model=1059 c_model=1101 wall=0.019s
HS84                   mincon             ok     status=1 f_model=118 c_model=130 wall=0.002s
POLYQP_100             mincon             ok     status=6 f_model=3648 c_model=3850 wall=13.960s
HS56                   mincon             ok     status=1 f_model=201 c_model=151 wall=0.002s
QUADSPHERE2_300        mincon             ok     status=1 f_model=20810 c_model=21412 wall=2.322s
TUBULAR_COLUMN         mincon             ok     status=1 f_model=27 c_model=33 wall=0.001s
ELLIPSOID2_20          mincon             ok     status=6 f_model=1864 c_model=1906 wall=0.033s
CATENARY_10            mincon             ok     status=1 f_model=1023 c_model=333 wall=0.008s
HS25                   mincon             ok     status=1 f_model=20 c_model=0 wall=0.001s
QUADSPHERE2_30         mincon             ok     status=1 f_model=1826 c_model=1888 wall=0.035s
DISPATCH_5             mincon             ok     status=1 f_model=102 c_model=114 wall=0.001s
EXPFIT2_CLEAN          mincon             ok     status=1 f_model=97 c_model=69 wall=0.003s
POLYQP_10              mincon             ok     status=1 f_model=176 c_model=198 wall=0.010s
EXPFIT2_NOISY          mincon             ok     status=1 f_model=97 c_model=69 wall=0.005s
ELLIPSOID2_200         mincon             ok     status=6 f_model=83063 c_model=83465 wall=8.203s
